// Jest Snapshot v1, https://goo.gl/fbAQLP

exports[`Header Styles should render correctly 1`] = `
<h1
  class="text-2xl font-bold"
>
  Gh-dev
</h1>
`;

exports[`Header Styles should render correctly 2`] = `
<img
  alt="profile"
  class="w-12 h-12 rounded-full cursor-pointer"
  src="https://scontent.flad1-1.fna.fbcdn.net/v/t39.30808-6/247089419_3097038823913123_4266727059060168780_n.jpg?_nc_cat=100&ccb=1-5&_nc_sid=09cbfe&_nc_ohc=oMpiSOjIhtMAX-fzHtS&_nc_ht=scontent.flad1-1.fna&oh=00_AT-7JhN3mhp7YMuNIH7VTSCE6I-BGuG1fqP0Bg4JxEa8vw&oe=61E95D24"
/>
`;

exports[`Header Styles should render correctly 3`] = `
<div
  class="absolute flex-col gap-2 p-3 px-2 text-gray-800 bg-white rounded-md top-14, hidden"
  title="dropdown"
>
  <a
    class="px-2 cursor-pointer hover:bg-blue-200"
    href="#"
  >
    Profile
  </a>
  <button
    class="bg-transparent cursor-pointer hover:bg-blue-200"
    type="button"
  >
    Logout
  </button>
</div>
`;

exports[`Header Styles should render correctly 4`] = `
<div
  class="absolute flex-col gap-2 p-3 px-2 text-gray-800 bg-white rounded-md top-14, hidden"
  title="dropdown"
>
  <a
    class="px-2 cursor-pointer hover:bg-blue-200"
    href="#"
  >
    Profile
  </a>
  <button
    class="bg-transparent cursor-pointer hover:bg-blue-200"
    type="button"
  >
    Logout
  </button>
</div>
`;
